// Jest Snapshot v1, https://goo.gl/fbAQLP

exports[`Player component default state renders 1`] = `
<div class="player">
  <p>Player: 0</p>
  <div class="display"></div>
</div>
`;

exports[`Player component playing renders 1`] = `
<div class="player">
  <p>Player: 10</p>
  <div class="display">
    <div><img src="https://deckofcardsapi.com/static/img/5C.png" alt="player card"></div>
    <div><img src="https://deckofcardsapi.com/static/img/3S.png" alt="player card"></div>
  </div>
</div>
`;
